MPLINK 4.31, Linker
Linker Map File - Created Mon Oct 30 07:12:54 2023

                                 Section Info
                  Section       Type    Address   Location Size(Bytes)
                ---------  ---------  ---------  ---------  ---------
                   .org_0       code   0x000000    program   0x000002
                   .cinit    romdata   0x000001    program   0x000004
                   .org_1       code   0x000004    program   0x000094



                              Program Memory Usage 
                               Start         End      
                           ---------   ---------      
                            0x000000    0x000002      
                            0x000004    0x00004d      
            77 out of 2183 program addresses used, program memory utilization is 3%



                              Symbols - Sorted by Name
                     Name    Address   Location    Storage File                     
                ---------  ---------  ---------  --------- ---------                
        agua_insuficiente   0x00000b    program     static C:\Users\MyPC\Desktop\TP Arquitectura 2023\Termotanque\termotanque.asm
          bucle_principal   0x00004a    program     static C:\Users\MyPC\Desktop\TP Arquitectura 2023\Termotanque\termotanque.asm
          canilla_abierta   0x00002f    program     static C:\Users\MyPC\Desktop\TP Arquitectura 2023\Termotanque\termotanque.asm
  cantidad_agua_alcanzada   0x000029    program     static C:\Users\MyPC\Desktop\TP Arquitectura 2023\Termotanque\termotanque.asm
 cantidad_agua_suficiente   0x000035    program     static C:\Users\MyPC\Desktop\TP Arquitectura 2023\Termotanque\termotanque.asm
             delay_espera   0x000037    program     static C:\Users\MyPC\Desktop\TP Arquitectura 2023\Termotanque\termotanque.asm
              delay_loop1   0x000039    program     static C:\Users\MyPC\Desktop\TP Arquitectura 2023\Termotanque\termotanque.asm
              delay_loop2   0x00003b    program     static C:\Users\MyPC\Desktop\TP Arquitectura 2023\Termotanque\termotanque.asm
                   inicio   0x000040    program     static C:\Users\MyPC\Desktop\TP Arquitectura 2023\Termotanque\termotanque.asm
                loop_agua   0x000005    program     static C:\Users\MyPC\Desktop\TP Arquitectura 2023\Termotanque\termotanque.asm
                loop_temp   0x000013    program     static C:\Users\MyPC\Desktop\TP Arquitectura 2023\Termotanque\termotanque.asm
         temperatura_baja   0x000019    program     static C:\Users\MyPC\Desktop\TP Arquitectura 2023\Termotanque\termotanque.asm
           verificar_agua   0x000005    program     static C:\Users\MyPC\Desktop\TP Arquitectura 2023\Termotanque\termotanque.asm
        verificar_canilla   0x000021    program     static C:\Users\MyPC\Desktop\TP Arquitectura 2023\Termotanque\termotanque.asm
    verificar_temperatura   0x000013    program     static C:\Users\MyPC\Desktop\TP Arquitectura 2023\Termotanque\termotanque.asm



                              Symbols - Sorted by Address
                     Name    Address   Location    Storage File                     
                ---------  ---------  ---------  --------- ---------                
                loop_agua   0x000005    program     static C:\Users\MyPC\Desktop\TP Arquitectura 2023\Termotanque\termotanque.asm
           verificar_agua   0x000005    program     static C:\Users\MyPC\Desktop\TP Arquitectura 2023\Termotanque\termotanque.asm
        agua_insuficiente   0x00000b    program     static C:\Users\MyPC\Desktop\TP Arquitectura 2023\Termotanque\termotanque.asm
                loop_temp   0x000013    program     static C:\Users\MyPC\Desktop\TP Arquitectura 2023\Termotanque\termotanque.asm
    verificar_temperatura   0x000013    program     static C:\Users\MyPC\Desktop\TP Arquitectura 2023\Termotanque\termotanque.asm
         temperatura_baja   0x000019    program     static C:\Users\MyPC\Desktop\TP Arquitectura 2023\Termotanque\termotanque.asm
        verificar_canilla   0x000021    program     static C:\Users\MyPC\Desktop\TP Arquitectura 2023\Termotanque\termotanque.asm
  cantidad_agua_alcanzada   0x000029    program     static C:\Users\MyPC\Desktop\TP Arquitectura 2023\Termotanque\termotanque.asm
          canilla_abierta   0x00002f    program     static C:\Users\MyPC\Desktop\TP Arquitectura 2023\Termotanque\termotanque.asm
 cantidad_agua_suficiente   0x000035    program     static C:\Users\MyPC\Desktop\TP Arquitectura 2023\Termotanque\termotanque.asm
             delay_espera   0x000037    program     static C:\Users\MyPC\Desktop\TP Arquitectura 2023\Termotanque\termotanque.asm
              delay_loop1   0x000039    program     static C:\Users\MyPC\Desktop\TP Arquitectura 2023\Termotanque\termotanque.asm
              delay_loop2   0x00003b    program     static C:\Users\MyPC\Desktop\TP Arquitectura 2023\Termotanque\termotanque.asm
                   inicio   0x000040    program     static C:\Users\MyPC\Desktop\TP Arquitectura 2023\Termotanque\termotanque.asm
          bucle_principal   0x00004a    program     static C:\Users\MyPC\Desktop\TP Arquitectura 2023\Termotanque\termotanque.asm


